ARM GAS  C:\Users\JOSHU_~1\AppData\Local\Temp\ccQxcLCM.s 			page 1


   1              		.syntax unified
   2              		.cpu cortex-m3
   3              		.fpu softvfp
   4              		.eabi_attribute 20, 1
   5              		.eabi_attribute 21, 1
   6              		.eabi_attribute 23, 3
   7              		.eabi_attribute 24, 1
   8              		.eabi_attribute 25, 1
   9              		.eabi_attribute 26, 1
  10              		.eabi_attribute 30, 6
  11              		.eabi_attribute 34, 1
  12              		.eabi_attribute 18, 4
  13              		.thumb
  14              		.syntax unified
  15              		.file	"main.c"
  16              		.text
  17              	.Ltext0:
  18              		.cfi_sections	.debug_frame
  19              		.section	.rodata
  20              		.align	2
  21              	.LC0:
  22 0000 0A00     		.ascii	"\012\000"
  23              		.section	.text.main,"ax",%progbits
  24              		.align	2
  25              		.global	main
  26              		.thumb
  27              		.thumb_func
  28              		.type	main, %function
  29              	main:
  30              	.LFB63:
  31              		.file 1 "main.c"
   1:main.c        **** /******************************************************************************
   2:main.c        **** * File Name: main.c
   3:main.c        **** *
   4:main.c        **** * Version: 1.10
   5:main.c        **** *
   6:main.c        **** * Description: This is the source code for the Blinking LED code example.
   7:main.c        **** *
   8:main.c        **** * Related Document: CE195352_PSoC_5LP_Blinking_LED.pdf
   9:main.c        **** *
  10:main.c        **** * Hardware Dependency: See CE195352_PSoC_5LP_Blinking_LED.pdf
  11:main.c        **** *
  12:main.c        **** *******************************************************************************
  13:main.c        **** * Copyright (2018), Cypress Semiconductor Corporation. All rights reserved.
  14:main.c        **** *******************************************************************************
  15:main.c        **** * This software, including source code, documentation and related materials
  16:main.c        **** * (“Software”), is owned by Cypress Semiconductor Corporation or one of its
  17:main.c        **** * subsidiaries (“Cypress”) and is protected by and subject to worldwide patent
  18:main.c        **** * protection (United States and foreign), United States copyright laws and
  19:main.c        **** * international treaty provisions. Therefore, you may use this Software only
  20:main.c        **** * as provided in the license agreement accompanying the software package from
  21:main.c        **** * which you obtained this Software (“EULA”).
  22:main.c        **** *
  23:main.c        **** * If no EULA applies, Cypress hereby grants you a personal, nonexclusive,
  24:main.c        **** * non-transferable license to copy, modify, and compile the Software source
  25:main.c        **** * code solely for use in connection with Cypress’s integrated circuit products.
  26:main.c        **** * Any reproduction, modification, translation, compilation, or representation
ARM GAS  C:\Users\JOSHU_~1\AppData\Local\Temp\ccQxcLCM.s 			page 2


  27:main.c        **** * of this Software except as specified above is prohibited without the express
  28:main.c        **** * written permission of Cypress.
  29:main.c        **** *
  30:main.c        **** * Disclaimer: THIS SOFTWARE IS PROVIDED AS-IS, WITH NO WARRANTY OF ANY KIND, 
  31:main.c        **** * EXPRESS OR IMPLIED, INCLUDING, BUT NOT LIMITED TO, NONINFRINGEMENT, IMPLIED 
  32:main.c        **** * WARRANTIES OF MERCHANTABILITY AND FITNESS FOR A PARTICULAR PURPOSE. Cypress 
  33:main.c        **** * reserves the right to make changes to the Software without notice. Cypress 
  34:main.c        **** * does not assume any liability arising out of the application or use of the 
  35:main.c        **** * Software or any product or circuit described in the Software. Cypress does 
  36:main.c        **** * not authorize its products for use in any products where a malfunction or 
  37:main.c        **** * failure of the Cypress product may reasonably be expected to result in 
  38:main.c        **** * significant property damage, injury or death (“High Risk Product”). By 
  39:main.c        **** * including Cypress’s product in a High Risk Product, the manufacturer of such 
  40:main.c        **** * system or application assumes all risk of such use and in doing so agrees to 
  41:main.c        **** * indemnify Cypress against all liability.
  42:main.c        **** *******************************************************************************/
  43:main.c        **** 
  44:main.c        **** #include <project.h>
  45:main.c        **** #include <stdlib.h>
  46:main.c        **** 
  47:main.c        **** /*******************************************************************************
  48:main.c        **** * Function Name: main
  49:main.c        **** ********************************************************************************
  50:main.c        **** *
  51:main.c        **** * Summary:
  52:main.c        **** *  The PWM is configured and started in the PWM_1_Start() function.
  53:main.c        **** *  The firmware then enters an idle loop, leaving control of the project
  54:main.c        **** *  to the fixed function PWM peripheral.
  55:main.c        **** *
  56:main.c        **** * Parameters:
  57:main.c        **** *  None.
  58:main.c        **** *
  59:main.c        **** * Return:
  60:main.c        **** *  None.
  61:main.c        **** *
  62:main.c        **** *******************************************************************************/
  63:main.c        **** 
  64:main.c        **** int main()
  65:main.c        **** {
  32              		.loc 1 65 0
  33              		.cfi_startproc
  34              		@ args = 0, pretend = 0, frame = 528
  35              		@ frame_needed = 1, uses_anonymous_args = 0
  36 0000 80B5     		push	{r7, lr}
  37              		.cfi_def_cfa_offset 8
  38              		.cfi_offset 7, -8
  39              		.cfi_offset 14, -4
  40 0002 ADF5047D 		sub	sp, sp, #528
  41              		.cfi_def_cfa_offset 536
  42 0006 00AF     		add	r7, sp, #0
  43              		.cfi_def_cfa_register 7
  66:main.c        ****     CyDelay(1000);
  44              		.loc 1 66 0
  45 0008 4FF47A70 		mov	r0, #1000
  46 000c FFF7FEFF 		bl	CyDelay
  67:main.c        ****     
  68:main.c        ****     /* Serial */
ARM GAS  C:\Users\JOSHU_~1\AppData\Local\Temp\ccQxcLCM.s 			page 3


  69:main.c        ****     CyGlobalIntEnable;
  47              		.loc 1 69 0
  48              		.syntax unified
  49              	@ 69 "main.c" 1
  50 0010 62B6     		CPSIE   i
  51              	@ 0 "" 2
  70:main.c        ****     UART_Start();
  52              		.loc 1 70 0
  53              		.thumb
  54              		.syntax unified
  55 0012 FFF7FEFF 		bl	UART_Start
  71:main.c        ****     int ch; 
  72:main.c        ****     char buffer[512];
  73:main.c        ****     uint16_t buffer_count = 0;
  56              		.loc 1 73 0
  57 0016 0023     		movs	r3, #0
  58 0018 A7F80E32 		strh	r3, [r7, #526]	@ movhi
  74:main.c        ****     
  75:main.c        ****     /* PWM */
  76:main.c        ****     PWM_Start();    
  59              		.loc 1 76 0
  60 001c FFF7FEFF 		bl	PWM_Start
  77:main.c        ****     int cmp = 9000; // cmp is between 8640 and 9120, 90%-95% of 9600.
  61              		.loc 1 77 0
  62 0020 42F22833 		movw	r3, #9000
  63 0024 C7F80832 		str	r3, [r7, #520]
  78:main.c        ****     int mltplr = 1;
  64              		.loc 1 78 0
  65 0028 0123     		movs	r3, #1
  66 002a C7F80432 		str	r3, [r7, #516]
  67              	.L4:
  79:main.c        ****     
  80:main.c        ****     while (1) {
  81:main.c        ****         ch = UART_GetChar(); // returns an int apparently
  68              		.loc 1 81 0
  69 002e FFF7FEFF 		bl	UART_GetChar
  70 0032 0346     		mov	r3, r0
  71 0034 C7F80032 		str	r3, [r7, #512]
  82:main.c        ****         
  83:main.c        ****         if (ch > 0) 
  72              		.loc 1 83 0
  73 0038 D7F80032 		ldr	r3, [r7, #512]
  74 003c 002B     		cmp	r3, #0
  75 003e F6DD     		ble	.L4
  84:main.c        ****         { 
  85:main.c        ****             if (ch == 13) { // if new line pressed
  76              		.loc 1 85 0
  77 0040 D7F80032 		ldr	r3, [r7, #512]
  78 0044 0D2B     		cmp	r3, #13
  79 0046 1FD1     		bne	.L3
  86:main.c        ****                 // Null terminate
  87:main.c        ****                 buffer[buffer_count++] = '\0';
  80              		.loc 1 87 0
  81 0048 B7F80E32 		ldrh	r3, [r7, #526]
  82 004c 5A1C     		adds	r2, r3, #1
  83 004e A7F80E22 		strh	r2, [r7, #526]	@ movhi
  84 0052 1A46     		mov	r2, r3
ARM GAS  C:\Users\JOSHU_~1\AppData\Local\Temp\ccQxcLCM.s 			page 4


  85 0054 3B46     		mov	r3, r7
  86 0056 0021     		movs	r1, #0
  87 0058 9954     		strb	r1, [r3, r2]
  88:main.c        **** 
  89:main.c        ****                 // Print back what was typed
  90:main.c        ****                 UART_PutString(buffer);
  88              		.loc 1 90 0
  89 005a 3B46     		mov	r3, r7
  90 005c 1846     		mov	r0, r3
  91 005e FFF7FEFF 		bl	UART_PutString
  91:main.c        ****                 UART_PutStringConst("\n");
  92              		.loc 1 91 0
  93 0062 1648     		ldr	r0, .L5
  94 0064 FFF7FEFF 		bl	UART_PutString
  92:main.c        **** 
  93:main.c        ****                 // Parse int from buffer
  94:main.c        ****                 cmp = atoi(buffer);
  95              		.loc 1 94 0
  96 0068 3B46     		mov	r3, r7
  97 006a 1846     		mov	r0, r3
  98 006c FFF7FEFF 		bl	atoi
  99 0070 C7F80802 		str	r0, [r7, #520]
  95:main.c        ****                 
  96:main.c        ****                 PWM_WriteCompare(cmp); // This is real time!!  
 100              		.loc 1 96 0
 101 0074 D7F80832 		ldr	r3, [r7, #520]
 102 0078 9BB2     		uxth	r3, r3
 103 007a 1846     		mov	r0, r3
 104 007c FFF7FEFF 		bl	PWM_WriteCompare
  97:main.c        ****                 
  98:main.c        ****                 // Spin motor:
  99:main.c        ****                 //if (cmp < 9250 && cmp > 8700) { // Manually tested range.
 100:main.c        ****                 //    PWM_WriteCompare(cmp); // This is real time!!    
 101:main.c        ****                 //}
 102:main.c        **** 
 103:main.c        ****                 // Reset buffer
 104:main.c        ****                 buffer_count = 0;
 105              		.loc 1 104 0
 106 0080 0023     		movs	r3, #0
 107 0082 A7F80E32 		strh	r3, [r7, #526]	@ movhi
 108 0086 D2E7     		b	.L4
 109              	.L3:
 105:main.c        ****             }
 106:main.c        ****             else if (ch >= 48 && ch <= 57 && buffer_count < sizeof(buffer) / sizeof(buffer[0]) - 1)
 110              		.loc 1 106 0
 111 0088 D7F80032 		ldr	r3, [r7, #512]
 112 008c 2F2B     		cmp	r3, #47
 113 008e CEDD     		ble	.L4
 114              		.loc 1 106 0 is_stmt 0 discriminator 1
 115 0090 D7F80032 		ldr	r3, [r7, #512]
 116 0094 392B     		cmp	r3, #57
 117 0096 CADC     		bgt	.L4
 118              		.loc 1 106 0 discriminator 2
 119 0098 B7F80E32 		ldrh	r3, [r7, #526]
 120 009c B3F5FF7F 		cmp	r3, #510
 121 00a0 C5D8     		bhi	.L4
 107:main.c        ****                 // Put character into buffer
ARM GAS  C:\Users\JOSHU_~1\AppData\Local\Temp\ccQxcLCM.s 			page 5


 108:main.c        ****                 buffer[buffer_count++] = ch;
 122              		.loc 1 108 0 is_stmt 1
 123 00a2 B7F80E32 		ldrh	r3, [r7, #526]
 124 00a6 5A1C     		adds	r2, r3, #1
 125 00a8 A7F80E22 		strh	r2, [r7, #526]	@ movhi
 126 00ac 1A46     		mov	r2, r3
 127 00ae D7F80032 		ldr	r3, [r7, #512]
 128 00b2 D9B2     		uxtb	r1, r3
 129 00b4 3B46     		mov	r3, r7
 130 00b6 9954     		strb	r1, [r3, r2]
 109:main.c        ****             }
 110:main.c        ****         }
 111:main.c        ****     }
 131              		.loc 1 111 0
 132 00b8 B9E7     		b	.L4
 133              	.L6:
 134 00ba 00BF     		.align	2
 135              	.L5:
 136 00bc 00000000 		.word	.LC0
 137              		.cfi_endproc
 138              	.LFE63:
 139              		.size	main, .-main
 140              		.text
 141              	.Letext0:
 142              		.file 2 "c:\\program files (x86)\\cypress\\psoc creator\\4.2\\psoc creator\\import\\gnu\\arm\\5.4.
 143              		.file 3 "c:\\program files (x86)\\cypress\\psoc creator\\4.2\\psoc creator\\import\\gnu\\arm\\5.4.
 144              		.file 4 "Generated_Source\\PSoC5/core_cm3.h"
 145              		.section	.debug_info,"",%progbits
 146              	.Ldebug_info0:
 147 0000 39010000 		.4byte	0x139
 148 0004 0400     		.2byte	0x4
 149 0006 00000000 		.4byte	.Ldebug_abbrev0
 150 000a 04       		.byte	0x4
 151 000b 01       		.uleb128 0x1
 152 000c 99000000 		.4byte	.LASF21
 153 0010 0C       		.byte	0xc
 154 0011 2E000000 		.4byte	.LASF22
 155 0015 66000000 		.4byte	.LASF23
 156 0019 00000000 		.4byte	.Ldebug_ranges0+0
 157 001d 00000000 		.4byte	0
 158 0021 00000000 		.4byte	.Ldebug_line0
 159 0025 02       		.uleb128 0x2
 160 0026 01       		.byte	0x1
 161 0027 06       		.byte	0x6
 162 0028 70010000 		.4byte	.LASF0
 163 002c 02       		.uleb128 0x2
 164 002d 01       		.byte	0x1
 165 002e 08       		.byte	0x8
 166 002f 27010000 		.4byte	.LASF1
 167 0033 02       		.uleb128 0x2
 168 0034 02       		.byte	0x2
 169 0035 05       		.byte	0x5
 170 0036 A1010000 		.4byte	.LASF2
 171 003a 03       		.uleb128 0x3
 172 003b AB010000 		.4byte	.LASF4
 173 003f 02       		.byte	0x2
 174 0040 2B       		.byte	0x2b
ARM GAS  C:\Users\JOSHU_~1\AppData\Local\Temp\ccQxcLCM.s 			page 6


 175 0041 45000000 		.4byte	0x45
 176 0045 02       		.uleb128 0x2
 177 0046 02       		.byte	0x2
 178 0047 07       		.byte	0x7
 179 0048 0E000000 		.4byte	.LASF3
 180 004c 03       		.uleb128 0x3
 181 004d 88010000 		.4byte	.LASF5
 182 0051 02       		.byte	0x2
 183 0052 3F       		.byte	0x3f
 184 0053 57000000 		.4byte	0x57
 185 0057 02       		.uleb128 0x2
 186 0058 04       		.byte	0x4
 187 0059 05       		.byte	0x5
 188 005a 3A010000 		.4byte	.LASF6
 189 005e 02       		.uleb128 0x2
 190 005f 04       		.byte	0x4
 191 0060 07       		.byte	0x7
 192 0061 43010000 		.4byte	.LASF7
 193 0065 02       		.uleb128 0x2
 194 0066 08       		.byte	0x8
 195 0067 05       		.byte	0x5
 196 0068 00000000 		.4byte	.LASF8
 197 006c 02       		.uleb128 0x2
 198 006d 08       		.byte	0x8
 199 006e 07       		.byte	0x7
 200 006f 4F000000 		.4byte	.LASF9
 201 0073 04       		.uleb128 0x4
 202 0074 04       		.byte	0x4
 203 0075 05       		.byte	0x5
 204 0076 696E7400 		.ascii	"int\000"
 205 007a 02       		.uleb128 0x2
 206 007b 04       		.byte	0x4
 207 007c 07       		.byte	0x7
 208 007d 21000000 		.4byte	.LASF10
 209 0081 03       		.uleb128 0x3
 210 0082 92010000 		.4byte	.LASF11
 211 0086 03       		.byte	0x3
 212 0087 24       		.byte	0x24
 213 0088 3A000000 		.4byte	0x3a
 214 008c 03       		.uleb128 0x3
 215 008d 3A000000 		.4byte	.LASF12
 216 0091 03       		.byte	0x3
 217 0092 2C       		.byte	0x2c
 218 0093 4C000000 		.4byte	0x4c
 219 0097 02       		.uleb128 0x2
 220 0098 04       		.byte	0x4
 221 0099 04       		.byte	0x4
 222 009a 9B010000 		.4byte	.LASF13
 223 009e 02       		.uleb128 0x2
 224 009f 08       		.byte	0x8
 225 00a0 04       		.byte	0x4
 226 00a1 55010000 		.4byte	.LASF14
 227 00a5 02       		.uleb128 0x2
 228 00a6 01       		.byte	0x1
 229 00a7 08       		.byte	0x8
 230 00a8 35010000 		.4byte	.LASF15
 231 00ac 02       		.uleb128 0x2
ARM GAS  C:\Users\JOSHU_~1\AppData\Local\Temp\ccQxcLCM.s 			page 7


 232 00ad 08       		.byte	0x8
 233 00ae 04       		.byte	0x4
 234 00af 7C010000 		.4byte	.LASF16
 235 00b3 02       		.uleb128 0x2
 236 00b4 04       		.byte	0x4
 237 00b5 07       		.byte	0x7
 238 00b6 BD010000 		.4byte	.LASF17
 239 00ba 05       		.uleb128 0x5
 240 00bb 35000000 		.4byte	.LASF24
 241 00bf 01       		.byte	0x1
 242 00c0 40       		.byte	0x40
 243 00c1 73000000 		.4byte	0x73
 244 00c5 00000000 		.4byte	.LFB63
 245 00c9 C0000000 		.4byte	.LFE63-.LFB63
 246 00cd 01       		.uleb128 0x1
 247 00ce 9C       		.byte	0x9c
 248 00cf 1A010000 		.4byte	0x11a
 249 00d3 06       		.uleb128 0x6
 250 00d4 636800   		.ascii	"ch\000"
 251 00d7 01       		.byte	0x1
 252 00d8 47       		.byte	0x47
 253 00d9 73000000 		.4byte	0x73
 254 00dd 02       		.uleb128 0x2
 255 00de 91       		.byte	0x91
 256 00df 68       		.sleb128 -24
 257 00e0 07       		.uleb128 0x7
 258 00e1 B6010000 		.4byte	.LASF18
 259 00e5 01       		.byte	0x1
 260 00e6 48       		.byte	0x48
 261 00e7 1A010000 		.4byte	0x11a
 262 00eb 03       		.uleb128 0x3
 263 00ec 91       		.byte	0x91
 264 00ed E87B     		.sleb128 -536
 265 00ef 07       		.uleb128 0x7
 266 00f0 42000000 		.4byte	.LASF19
 267 00f4 01       		.byte	0x1
 268 00f5 49       		.byte	0x49
 269 00f6 81000000 		.4byte	0x81
 270 00fa 02       		.uleb128 0x2
 271 00fb 91       		.byte	0x91
 272 00fc 76       		.sleb128 -10
 273 00fd 06       		.uleb128 0x6
 274 00fe 636D7000 		.ascii	"cmp\000"
 275 0102 01       		.byte	0x1
 276 0103 4D       		.byte	0x4d
 277 0104 73000000 		.4byte	0x73
 278 0108 02       		.uleb128 0x2
 279 0109 91       		.byte	0x91
 280 010a 70       		.sleb128 -16
 281 010b 07       		.uleb128 0x7
 282 010c 5C010000 		.4byte	.LASF20
 283 0110 01       		.byte	0x1
 284 0111 4E       		.byte	0x4e
 285 0112 73000000 		.4byte	0x73
 286 0116 02       		.uleb128 0x2
 287 0117 91       		.byte	0x91
 288 0118 6C       		.sleb128 -20
ARM GAS  C:\Users\JOSHU_~1\AppData\Local\Temp\ccQxcLCM.s 			page 8


 289 0119 00       		.byte	0
 290 011a 08       		.uleb128 0x8
 291 011b A5000000 		.4byte	0xa5
 292 011f 2B010000 		.4byte	0x12b
 293 0123 09       		.uleb128 0x9
 294 0124 B3000000 		.4byte	0xb3
 295 0128 FF01     		.2byte	0x1ff
 296 012a 00       		.byte	0
 297 012b 0A       		.uleb128 0xa
 298 012c 63010000 		.4byte	.LASF25
 299 0130 04       		.byte	0x4
 300 0131 1207     		.2byte	0x712
 301 0133 37010000 		.4byte	0x137
 302 0137 0B       		.uleb128 0xb
 303 0138 8C000000 		.4byte	0x8c
 304 013c 00       		.byte	0
 305              		.section	.debug_abbrev,"",%progbits
 306              	.Ldebug_abbrev0:
 307 0000 01       		.uleb128 0x1
 308 0001 11       		.uleb128 0x11
 309 0002 01       		.byte	0x1
 310 0003 25       		.uleb128 0x25
 311 0004 0E       		.uleb128 0xe
 312 0005 13       		.uleb128 0x13
 313 0006 0B       		.uleb128 0xb
 314 0007 03       		.uleb128 0x3
 315 0008 0E       		.uleb128 0xe
 316 0009 1B       		.uleb128 0x1b
 317 000a 0E       		.uleb128 0xe
 318 000b 55       		.uleb128 0x55
 319 000c 17       		.uleb128 0x17
 320 000d 11       		.uleb128 0x11
 321 000e 01       		.uleb128 0x1
 322 000f 10       		.uleb128 0x10
 323 0010 17       		.uleb128 0x17
 324 0011 00       		.byte	0
 325 0012 00       		.byte	0
 326 0013 02       		.uleb128 0x2
 327 0014 24       		.uleb128 0x24
 328 0015 00       		.byte	0
 329 0016 0B       		.uleb128 0xb
 330 0017 0B       		.uleb128 0xb
 331 0018 3E       		.uleb128 0x3e
 332 0019 0B       		.uleb128 0xb
 333 001a 03       		.uleb128 0x3
 334 001b 0E       		.uleb128 0xe
 335 001c 00       		.byte	0
 336 001d 00       		.byte	0
 337 001e 03       		.uleb128 0x3
 338 001f 16       		.uleb128 0x16
 339 0020 00       		.byte	0
 340 0021 03       		.uleb128 0x3
 341 0022 0E       		.uleb128 0xe
 342 0023 3A       		.uleb128 0x3a
 343 0024 0B       		.uleb128 0xb
 344 0025 3B       		.uleb128 0x3b
 345 0026 0B       		.uleb128 0xb
ARM GAS  C:\Users\JOSHU_~1\AppData\Local\Temp\ccQxcLCM.s 			page 9


 346 0027 49       		.uleb128 0x49
 347 0028 13       		.uleb128 0x13
 348 0029 00       		.byte	0
 349 002a 00       		.byte	0
 350 002b 04       		.uleb128 0x4
 351 002c 24       		.uleb128 0x24
 352 002d 00       		.byte	0
 353 002e 0B       		.uleb128 0xb
 354 002f 0B       		.uleb128 0xb
 355 0030 3E       		.uleb128 0x3e
 356 0031 0B       		.uleb128 0xb
 357 0032 03       		.uleb128 0x3
 358 0033 08       		.uleb128 0x8
 359 0034 00       		.byte	0
 360 0035 00       		.byte	0
 361 0036 05       		.uleb128 0x5
 362 0037 2E       		.uleb128 0x2e
 363 0038 01       		.byte	0x1
 364 0039 3F       		.uleb128 0x3f
 365 003a 19       		.uleb128 0x19
 366 003b 03       		.uleb128 0x3
 367 003c 0E       		.uleb128 0xe
 368 003d 3A       		.uleb128 0x3a
 369 003e 0B       		.uleb128 0xb
 370 003f 3B       		.uleb128 0x3b
 371 0040 0B       		.uleb128 0xb
 372 0041 49       		.uleb128 0x49
 373 0042 13       		.uleb128 0x13
 374 0043 11       		.uleb128 0x11
 375 0044 01       		.uleb128 0x1
 376 0045 12       		.uleb128 0x12
 377 0046 06       		.uleb128 0x6
 378 0047 40       		.uleb128 0x40
 379 0048 18       		.uleb128 0x18
 380 0049 9642     		.uleb128 0x2116
 381 004b 19       		.uleb128 0x19
 382 004c 01       		.uleb128 0x1
 383 004d 13       		.uleb128 0x13
 384 004e 00       		.byte	0
 385 004f 00       		.byte	0
 386 0050 06       		.uleb128 0x6
 387 0051 34       		.uleb128 0x34
 388 0052 00       		.byte	0
 389 0053 03       		.uleb128 0x3
 390 0054 08       		.uleb128 0x8
 391 0055 3A       		.uleb128 0x3a
 392 0056 0B       		.uleb128 0xb
 393 0057 3B       		.uleb128 0x3b
 394 0058 0B       		.uleb128 0xb
 395 0059 49       		.uleb128 0x49
 396 005a 13       		.uleb128 0x13
 397 005b 02       		.uleb128 0x2
 398 005c 18       		.uleb128 0x18
 399 005d 00       		.byte	0
 400 005e 00       		.byte	0
 401 005f 07       		.uleb128 0x7
 402 0060 34       		.uleb128 0x34
ARM GAS  C:\Users\JOSHU_~1\AppData\Local\Temp\ccQxcLCM.s 			page 10


 403 0061 00       		.byte	0
 404 0062 03       		.uleb128 0x3
 405 0063 0E       		.uleb128 0xe
 406 0064 3A       		.uleb128 0x3a
 407 0065 0B       		.uleb128 0xb
 408 0066 3B       		.uleb128 0x3b
 409 0067 0B       		.uleb128 0xb
 410 0068 49       		.uleb128 0x49
 411 0069 13       		.uleb128 0x13
 412 006a 02       		.uleb128 0x2
 413 006b 18       		.uleb128 0x18
 414 006c 00       		.byte	0
 415 006d 00       		.byte	0
 416 006e 08       		.uleb128 0x8
 417 006f 01       		.uleb128 0x1
 418 0070 01       		.byte	0x1
 419 0071 49       		.uleb128 0x49
 420 0072 13       		.uleb128 0x13
 421 0073 01       		.uleb128 0x1
 422 0074 13       		.uleb128 0x13
 423 0075 00       		.byte	0
 424 0076 00       		.byte	0
 425 0077 09       		.uleb128 0x9
 426 0078 21       		.uleb128 0x21
 427 0079 00       		.byte	0
 428 007a 49       		.uleb128 0x49
 429 007b 13       		.uleb128 0x13
 430 007c 2F       		.uleb128 0x2f
 431 007d 05       		.uleb128 0x5
 432 007e 00       		.byte	0
 433 007f 00       		.byte	0
 434 0080 0A       		.uleb128 0xa
 435 0081 34       		.uleb128 0x34
 436 0082 00       		.byte	0
 437 0083 03       		.uleb128 0x3
 438 0084 0E       		.uleb128 0xe
 439 0085 3A       		.uleb128 0x3a
 440 0086 0B       		.uleb128 0xb
 441 0087 3B       		.uleb128 0x3b
 442 0088 05       		.uleb128 0x5
 443 0089 49       		.uleb128 0x49
 444 008a 13       		.uleb128 0x13
 445 008b 3F       		.uleb128 0x3f
 446 008c 19       		.uleb128 0x19
 447 008d 3C       		.uleb128 0x3c
 448 008e 19       		.uleb128 0x19
 449 008f 00       		.byte	0
 450 0090 00       		.byte	0
 451 0091 0B       		.uleb128 0xb
 452 0092 35       		.uleb128 0x35
 453 0093 00       		.byte	0
 454 0094 49       		.uleb128 0x49
 455 0095 13       		.uleb128 0x13
 456 0096 00       		.byte	0
 457 0097 00       		.byte	0
 458 0098 00       		.byte	0
 459              		.section	.debug_aranges,"",%progbits
ARM GAS  C:\Users\JOSHU_~1\AppData\Local\Temp\ccQxcLCM.s 			page 11


 460 0000 1C000000 		.4byte	0x1c
 461 0004 0200     		.2byte	0x2
 462 0006 00000000 		.4byte	.Ldebug_info0
 463 000a 04       		.byte	0x4
 464 000b 00       		.byte	0
 465 000c 0000     		.2byte	0
 466 000e 0000     		.2byte	0
 467 0010 00000000 		.4byte	.LFB63
 468 0014 C0000000 		.4byte	.LFE63-.LFB63
 469 0018 00000000 		.4byte	0
 470 001c 00000000 		.4byte	0
 471              		.section	.debug_ranges,"",%progbits
 472              	.Ldebug_ranges0:
 473 0000 00000000 		.4byte	.LFB63
 474 0004 C0000000 		.4byte	.LFE63
 475 0008 00000000 		.4byte	0
 476 000c 00000000 		.4byte	0
 477              		.section	.debug_line,"",%progbits
 478              	.Ldebug_line0:
 479 0000 74010000 		.section	.debug_str,"MS",%progbits,1
 479      02003F01 
 479      00000201 
 479      FB0E0D00 
 479      01010101 
 480              	.LASF8:
 481 0000 6C6F6E67 		.ascii	"long long int\000"
 481      206C6F6E 
 481      6720696E 
 481      7400
 482              	.LASF3:
 483 000e 73686F72 		.ascii	"short unsigned int\000"
 483      7420756E 
 483      7369676E 
 483      65642069 
 483      6E7400
 484              	.LASF10:
 485 0021 756E7369 		.ascii	"unsigned int\000"
 485      676E6564 
 485      20696E74 
 485      00
 486              	.LASF22:
 487 002e 6D61696E 		.ascii	"main.c\000"
 487      2E6300
 488              	.LASF24:
 489 0035 6D61696E 		.ascii	"main\000"
 489      00
 490              	.LASF12:
 491 003a 696E7433 		.ascii	"int32_t\000"
 491      325F7400 
 492              	.LASF19:
 493 0042 62756666 		.ascii	"buffer_count\000"
 493      65725F63 
 493      6F756E74 
 493      00
 494              	.LASF9:
 495 004f 6C6F6E67 		.ascii	"long long unsigned int\000"
 495      206C6F6E 
ARM GAS  C:\Users\JOSHU_~1\AppData\Local\Temp\ccQxcLCM.s 			page 12


 495      6720756E 
 495      7369676E 
 495      65642069 
 496              	.LASF23:
 497 0066 433A5C73 		.ascii	"C:\\school\\me135\\PSOC\\jelly_cypress_workspace.cy"
 497      63686F6F 
 497      6C5C6D65 
 497      3133355C 
 497      50534F43 
 498 0095 64736E00 		.ascii	"dsn\000"
 499              	.LASF21:
 500 0099 474E5520 		.ascii	"GNU C11 5.4.1 20160609 (release) [ARM/embedded-5-br"
 500      43313120 
 500      352E342E 
 500      31203230 
 500      31363036 
 501 00cc 616E6368 		.ascii	"anch revision 237715] -mcpu=cortex-m3 -mthumb -g -O"
 501      20726576 
 501      6973696F 
 501      6E203233 
 501      37373135 
 502 00ff 30202D66 		.ascii	"0 -ffunction-sections -ffat-lto-objects\000"
 502      66756E63 
 502      74696F6E 
 502      2D736563 
 502      74696F6E 
 503              	.LASF1:
 504 0127 756E7369 		.ascii	"unsigned char\000"
 504      676E6564 
 504      20636861 
 504      7200
 505              	.LASF15:
 506 0135 63686172 		.ascii	"char\000"
 506      00
 507              	.LASF6:
 508 013a 6C6F6E67 		.ascii	"long int\000"
 508      20696E74 
 508      00
 509              	.LASF7:
 510 0143 6C6F6E67 		.ascii	"long unsigned int\000"
 510      20756E73 
 510      69676E65 
 510      6420696E 
 510      7400
 511              	.LASF14:
 512 0155 646F7562 		.ascii	"double\000"
 512      6C6500
 513              	.LASF20:
 514 015c 6D6C7470 		.ascii	"mltplr\000"
 514      6C7200
 515              	.LASF25:
 516 0163 49544D5F 		.ascii	"ITM_RxBuffer\000"
 516      52784275 
 516      66666572 
 516      00
 517              	.LASF0:
 518 0170 7369676E 		.ascii	"signed char\000"
ARM GAS  C:\Users\JOSHU_~1\AppData\Local\Temp\ccQxcLCM.s 			page 13


 518      65642063 
 518      68617200 
 519              	.LASF16:
 520 017c 6C6F6E67 		.ascii	"long double\000"
 520      20646F75 
 520      626C6500 
 521              	.LASF5:
 522 0188 5F5F696E 		.ascii	"__int32_t\000"
 522      7433325F 
 522      7400
 523              	.LASF11:
 524 0192 75696E74 		.ascii	"uint16_t\000"
 524      31365F74 
 524      00
 525              	.LASF13:
 526 019b 666C6F61 		.ascii	"float\000"
 526      7400
 527              	.LASF2:
 528 01a1 73686F72 		.ascii	"short int\000"
 528      7420696E 
 528      7400
 529              	.LASF4:
 530 01ab 5F5F7569 		.ascii	"__uint16_t\000"
 530      6E743136 
 530      5F7400
 531              	.LASF18:
 532 01b6 62756666 		.ascii	"buffer\000"
 532      657200
 533              	.LASF17:
 534 01bd 73697A65 		.ascii	"sizetype\000"
 534      74797065 
 534      00
 535              		.ident	"GCC: (GNU Tools for ARM Embedded Processors) 5.4.1 20160609 (release) [ARM/embedded-5-bran
